// Jest Snapshot v1, https://goo.gl/fbAQLP

exports[`PlayerTeam matches snapshot 1`] = `
PlayerTeam {
  "context": Object {},
  "options": Array [
    Object {
      "label": "Atlanta United",
      "value": "teamA",
    },
    Object {
      "label": "Atlanted United 2",
      "value": "teamB",
    },
    Object {
      "label": "USA",
      "value": "teamC",
    },
  ],
  "props": Object {
    "classes": Object {},
    "namespace": "TEST",
  },
  "refs": Object {},
  "setState": [Function],
  "state": null,
  "updater": Updater {
    "_callbacks": Array [],
    "_renderer": ReactShallowRenderer {
      "_context": Object {},
      "_didScheduleRenderPhaseUpdate": false,
      "_dispatcher": Object {
        "readContext": [Function],
        "useCallback": [Function],
        "useContext": [Function],
        "useDebugValue": [Function],
        "useEffect": [Function],
        "useImperativeHandle": [Function],
        "useLayoutEffect": [Function],
        "useMemo": [Function],
        "useReducer": [Function],
        "useRef": [Function],
        "useResponder": [Function],
        "useState": [Function],
      },
      "_element": <PlayerTeam
        classes={Object {}}
        namespace="TEST"
      />,
      "_firstWorkInProgressHook": null,
      "_forcedUpdate": false,
      "_instance": [Circular],
      "_isReRender": false,
      "_newState": null,
      "_numberOfReRenders": 0,
      "_renderPhaseUpdates": null,
      "_rendered": <React.Fragment>
        <ForwardRef(WithStyles)
          variant="h5"
        >
          Team(s): 
        </ForwardRef(WithStyles)>
        <ForwardRef(WithStyles)
          container={true}
        >
          <ForwardRef(WithStyles)
            item={true}
            md={4}
            xs={12}
          >
            <Select
              isMulti={true}
              name="TEST.team"
              options={
                Array [
                  Object {
                    "label": "Atlanta United",
                    "value": "teamA",
                  },
                  Object {
                    "label": "Atlanted United 2",
                    "value": "teamB",
                  },
                  Object {
                    "label": "USA",
                    "value": "teamC",
                  },
                ]
              }
              variant="outlined"
            />
          </ForwardRef(WithStyles)>
        </ForwardRef(WithStyles)>
      </React.Fragment>,
      "_rendering": false,
      "_updater": [Circular],
      "_workInProgressHook": null,
    },
  },
}
`;
